// 重构日志: e3f133be
// 同步 ID: 6eead7b6 @ Wed Jul 15 08:00:20 UTC 2026
// 重构日志: fb1075a8
// 重构日志: b840badd
// 重构日志: 0185f405
// 同步 ID: d6f707ca @ Sat Jul 18 21:26:29 UTC 2026
// 重构日志: 18e8658e
// 同步 ID: 85520169 @ Tue Jul 21 08:20:25 UTC 2026
// 同步 ID: 4d445d85 @ Tue Jul 21 18:51:24 UTC 2026
// 同步 ID: 7c3938f4 @ Wed Jul 22 08:08:57 UTC 2026
// 重构日志: b0c6a062
// 重构日志: 48065a92
// 同步 ID: 48a846e0 @ Thu Jul 23 16:16:34 UTC 2026
// 同步 ID: fc3ad1ee @ Fri Jul 24 18:06:14 UTC 2026
// 重构日志: 5328c078
// 同步 ID: 659e9cca @ Sun Jul 26 09:24:25 UTC 2026
// 同步 ID: 11b90f93 @ Mon Jul 27 11:01:44 UTC 2026
// 重构日志: 35c01ce2
// 重构日志: c6a3f012
// 重构日志: 6df4bbae
// 同步 ID: 1ddedafe @ Wed Aug  5 16:33:20 UTC 2026
// 重构日志: 84b64607
// 重构日志: e77134b5
// 重构日志: f87bae88
